H4sIAAAAAAAEAM1X227cNhB9L9B/IPjUAo5oOy+tISVw1t7AaNYOIifvXGl2TZQiFZIyVt+Wh35Sf6FD3S/e3TgJgmKBhUjNHM4cnhlS/375J3y9yyR5BGOFVhE9C04pAZXoVKhtRAu3efEHff3q11/C6zTbkU+t3Utvh57KRvTBufyCMZs8QMZtkInEaKs3Lkh0xniq2fnp6Z/s7Iyl3PE1t+ChKGISEn4olBMZVAMcLrRKIHcFlyudgrTNPL6JK3RyyzOwOU8gojHPcglXDWbQDNcI4WDnKLmUgmN0McgNJVwp7bjD2C8+Woid0Wob5zjB5X2ZA9ptuLTQ5HTRm39teqfnDFIcd44tVFJYp7NnAp699Hx5wKn781lHFNrxiExeI+Ou9FlXbEZ0qTUl03UuFtJ4m2M8BxWcABsgzAkZG590gkFd+d8JWRTSFQYiBYUzXJ6Q98VaiuQvKO/136AiVUg5DBcDxnejCZx6b3QOxpUfYNMkcZNSwsZ+bOrYuQ186hzfFgKfb3FtvpbQiYEddPf/LQAqCguGkhXfvQO1dQ8RxUdKlmIHaTvToH5UAusLnZwpJouErN+d+Z55yrlQYJoAZpKfbSJqvdlH2yw3zqjGjcH1UrCU9DHU5RNUCnkqzi6ivlBZXaltRbM9JR2ueJ4jZYMSb2ZIXNf34kX8fLFnNQZL7BOa76LtVnLa8C1M3uLSGOlSGOtaIVOySLOZ2ZT/Pdy2qw0onuq5Z7w19s+jXd5Xf35vJnA9l0tMLwPlqkyhi6iu+ZlX1Wa55OaJOlloWWRqX60d8q7LZOhfz8wRQjYJe0oTm/E0qfgp54ckOzXpVu+kO5Fo2Mjl+NE0009tQglS8yjSSjuldZAF3iCIP8uFFJhvb7DiSmzAuropUjwRzicn2v/ndGHWpvL4EfPTm3qhxOcCkE2MZiPAfFeDV4/cJA/c/Jbx3e9DpO9t4vNec7RF7+vQtcoimq5xcF+HV3f0b+zdc8GHbHhjC6/Aim0P4e9vChKvpB60tblRG90SjOkMI2pNJvyvwHF/Z7w0uIE8cfg6AWurg/ZN6eDSGF5G9DpbQ3qj7gqXF+7SWsjWshzmHLLDMVSH1Dju8C73I/sj0vjEpcA04E69KYRMR7Ev5zrcB+OF8hZwvqpUvHAg5LYcod1q9ZVgDZVXkIPyBXIPeKogoL1TMX+Eb40R7xvvYMuTsu1jh4GOb8x4G8IrwbeGZ7bB6P39Fwrz3xWv/gP36Fo/1AwAAA==